// Jest Snapshot v1, https://goo.gl/fbAQLP

exports[`PlayerRow renders correctly 1`] = `
<DocumentFragment>
  1Player 1
  <div>
    PaidCheckbox Mock
  </div>
  <button
    class="MuiButtonBase-root MuiIconButton-root MuiIconButton-sizeMedium css-78trlr-MuiButtonBase-root-MuiIconButton-root"
    tabindex="0"
    type="button"
  >
    <span>
      CancelIcon Mock
    </span>
    <span
      class="MuiTouchRipple-root css-8je8zh-MuiTouchRipple-root"
    />
  </button>
</DocumentFragment>
`;
